// Jest Snapshot v1, https://goo.gl/fbAQLP

exports[`RecipeBoxPage renders the master/detail view 1`] = `
<div
  style={
    Object {
      "display": "grid",
      "gridTemplateColumns": "20rem 4fr",
      "height": "100%",
    }
  }
>
  <div
    style={
      Object {
        "borderRight": "1px solid #c8cfd0",
        "gridColumn": 1,
      }
    }
  >
    <div
      style={
        Object {
          "height": 0,
          "overflow": "visible",
          "width": 0,
        }
      }
    >
      <div
        onKeyDown={[Function]}
      >
        <div
          aria-label="grid"
          aria-readonly={true}
          className="ReactVirtualized__Grid"
          onScroll={[Function]}
          role="grid"
          style={
            Object {
              "WebkitOverflowScrolling": "touch",
              "boxSizing": "border-box",
              "direction": "ltr",
              "height": 0,
              "overflowX": "hidden",
              "overflowY": "hidden",
              "position": "relative",
              "width": 0,
              "willChange": "transform",
            }
          }
          tabIndex={0}
        />
      </div>
    </div>
  </div>
  <div
    style={
      Object {
        "gridColumn": 2,
        "overflowY": "auto",
        "padding": "1rem",
      }
    }
  >
    <button
      className="button"
      onClick={[Function]}
      style={
        Object {
          "marginBottom": "1rem",
        }
      }
    >
      Add Recipe
    </button>
  </div>
</div>
`;
