// Jest Snapshot v1, https://goo.gl/fbAQLP

exports[`RecipesTabs should render with the 'favorites' tab active when the 'favorites' page is active 1`] = `
<div
  className="tabs is-centered"
  style={
    Object {
      "marginBottom": "0px",
    }
  }
>
  <ul>
    <li
      className=""
    >
      <a
        href="#"
        onClick={[Function]}
      >
        <span
          className="icon is-small"
        >
          <svg
            aria-hidden="true"
            className="svg-inline--fa fa-archive fa-w-16 "
            data-icon="archive"
            data-prefix="fas"
            role="img"
            style={Object {}}
            viewBox="0 0 512 512"
            xmlns="http://www.w3.org/2000/svg"
          >
            <path
              d="M32 448c0 17.7 14.3 32 32 32h384c17.7 0 32-14.3 32-32V160H32v288zm160-212c0-6.6 5.4-12 12-12h104c6.6 0 12 5.4 12 12v8c0 6.6-5.4 12-12 12H204c-6.6 0-12-5.4-12-12v-8zM480 32H32C14.3 32 0 46.3 0 64v48c0 8.8 7.2 16 16 16h480c8.8 0 16-7.2 16-16V64c0-17.7-14.3-32-32-32z"
              fill="currentColor"
              style={Object {}}
            />
          </svg>
        </span>
        Recipe Box
      </a>
    </li>
    <li
      className=""
    >
      <a
        href="#"
        onClick={[Function]}
      >
        <span
          className="icon is-small"
        >
          <svg
            aria-hidden="true"
            className="svg-inline--fa fa-book fa-w-14 "
            data-icon="book"
            data-prefix="fas"
            role="img"
            style={Object {}}
            viewBox="0 0 448 512"
            xmlns="http://www.w3.org/2000/svg"
          >
            <path
              d="M448 360V24c0-13.3-10.7-24-24-24H96C43 0 0 43 0 96v320c0 53 43 96 96 96h328c13.3 0 24-10.7 24-24v-16c0-7.5-3.5-14.3-8.9-18.7-4.2-15.4-4.2-59.3 0-74.7 5.4-4.3 8.9-11.1 8.9-18.6zM128 134c0-3.3 2.7-6 6-6h212c3.3 0 6 2.7 6 6v20c0 3.3-2.7 6-6 6H134c-3.3 0-6-2.7-6-6v-20zm0 64c0-3.3 2.7-6 6-6h212c3.3 0 6 2.7 6 6v20c0 3.3-2.7 6-6 6H134c-3.3 0-6-2.7-6-6v-20zm253.4 250H96c-17.7 0-32-14.3-32-32 0-17.6 14.4-32 32-32h285.4c-1.9 17.1-1.9 46.9 0 64z"
              fill="currentColor"
              style={Object {}}
            />
          </svg>
        </span>
        Library
      </a>
    </li>
    <li
      className="is-active"
    >
      <a
        href="#"
        onClick={[Function]}
      >
        <span
          className="icon is-small"
        >
          <svg
            aria-hidden="true"
            className="svg-inline--fa fa-heart fa-w-16 "
            data-icon="heart"
            data-prefix="fas"
            role="img"
            style={Object {}}
            viewBox="0 0 512 512"
            xmlns="http://www.w3.org/2000/svg"
          >
            <path
              d="M462.3 62.6C407.5 15.9 326 24.3 275.7 76.2L256 96.5l-19.7-20.3C186.1 24.3 104.5 15.9 49.7 62.6c-62.8 53.6-66.1 149.8-9.9 207.9l193.5 199.8c12.5 12.9 32.8 12.9 45.3 0l193.5-199.8c56.3-58.1 53-154.3-9.8-207.9z"
              fill="currentColor"
              style={Object {}}
            />
          </svg>
        </span>
        Favorites
      </a>
    </li>
    <li
      className=""
    >
      <a
        href="#"
        onClick={[Function]}
      >
        <span
          className="icon is-small"
        >
          <svg
            aria-hidden="true"
            className="svg-inline--fa fa-tags fa-w-20 "
            data-icon="tags"
            data-prefix="fas"
            role="img"
            style={Object {}}
            viewBox="0 0 640 512"
            xmlns="http://www.w3.org/2000/svg"
          >
            <path
              d="M497.941 225.941L286.059 14.059A48 48 0 0 0 252.118 0H48C21.49 0 0 21.49 0 48v204.118a48 48 0 0 0 14.059 33.941l211.882 211.882c18.744 18.745 49.136 18.746 67.882 0l204.118-204.118c18.745-18.745 18.745-49.137 0-67.882zM112 160c-26.51 0-48-21.49-48-48s21.49-48 48-48 48 21.49 48 48-21.49 48-48 48zm513.941 133.823L421.823 497.941c-18.745 18.745-49.137 18.745-67.882 0l-.36-.36L527.64 323.522c16.999-16.999 26.36-39.6 26.36-63.64s-9.362-46.641-26.36-63.64L331.397 0h48.721a48 48 0 0 1 33.941 14.059l211.882 211.882c18.745 18.745 18.745 49.137 0 67.882z"
              fill="currentColor"
              style={Object {}}
            />
          </svg>
        </span>
        Tags
      </a>
    </li>
    <li
      className=""
    >
      <a
        href="#"
        onClick={[Function]}
      >
        <span
          className="icon is-small"
        >
          <svg
            aria-hidden="true"
            className="svg-inline--fa fa-search fa-w-16 "
            data-icon="search"
            data-prefix="fas"
            role="img"
            style={Object {}}
            viewBox="0 0 512 512"
            xmlns="http://www.w3.org/2000/svg"
          >
            <path
              d="M505 442.7L405.3 343c-4.5-4.5-10.6-7-17-7H372c27.6-35.3 44-79.7 44-128C416 93.1 322.9 0 208 0S0 93.1 0 208s93.1 208 208 208c48.3 0 92.7-16.4 128-44v16.3c0 6.4 2.5 12.5 7 17l99.7 99.7c9.4 9.4 24.6 9.4 33.9 0l28.3-28.3c9.4-9.4 9.4-24.6.1-34zM208 336c-70.7 0-128-57.2-128-128 0-70.7 57.2-128 128-128 70.7 0 128 57.2 128 128 0 70.7-57.2 128-128 128z"
              fill="currentColor"
              style={Object {}}
            />
          </svg>
        </span>
        Search
      </a>
    </li>
  </ul>
</div>
`;

exports[`RecipesTabs should render with the 'library' tab active when the 'library' page is active 1`] = `
<div
  className="tabs is-centered"
  style={
    Object {
      "marginBottom": "0px",
    }
  }
>
  <ul>
    <li
      className=""
    >
      <a
        href="#"
        onClick={[Function]}
      >
        <span
          className="icon is-small"
        >
          <svg
            aria-hidden="true"
            className="svg-inline--fa fa-archive fa-w-16 "
            data-icon="archive"
            data-prefix="fas"
            role="img"
            style={Object {}}
            viewBox="0 0 512 512"
            xmlns="http://www.w3.org/2000/svg"
          >
            <path
              d="M32 448c0 17.7 14.3 32 32 32h384c17.7 0 32-14.3 32-32V160H32v288zm160-212c0-6.6 5.4-12 12-12h104c6.6 0 12 5.4 12 12v8c0 6.6-5.4 12-12 12H204c-6.6 0-12-5.4-12-12v-8zM480 32H32C14.3 32 0 46.3 0 64v48c0 8.8 7.2 16 16 16h480c8.8 0 16-7.2 16-16V64c0-17.7-14.3-32-32-32z"
              fill="currentColor"
              style={Object {}}
            />
          </svg>
        </span>
        Recipe Box
      </a>
    </li>
    <li
      className="is-active"
    >
      <a
        href="#"
        onClick={[Function]}
      >
        <span
          className="icon is-small"
        >
          <svg
            aria-hidden="true"
            className="svg-inline--fa fa-book fa-w-14 "
            data-icon="book"
            data-prefix="fas"
            role="img"
            style={Object {}}
            viewBox="0 0 448 512"
            xmlns="http://www.w3.org/2000/svg"
          >
            <path
              d="M448 360V24c0-13.3-10.7-24-24-24H96C43 0 0 43 0 96v320c0 53 43 96 96 96h328c13.3 0 24-10.7 24-24v-16c0-7.5-3.5-14.3-8.9-18.7-4.2-15.4-4.2-59.3 0-74.7 5.4-4.3 8.9-11.1 8.9-18.6zM128 134c0-3.3 2.7-6 6-6h212c3.3 0 6 2.7 6 6v20c0 3.3-2.7 6-6 6H134c-3.3 0-6-2.7-6-6v-20zm0 64c0-3.3 2.7-6 6-6h212c3.3 0 6 2.7 6 6v20c0 3.3-2.7 6-6 6H134c-3.3 0-6-2.7-6-6v-20zm253.4 250H96c-17.7 0-32-14.3-32-32 0-17.6 14.4-32 32-32h285.4c-1.9 17.1-1.9 46.9 0 64z"
              fill="currentColor"
              style={Object {}}
            />
          </svg>
        </span>
        Library
      </a>
    </li>
    <li
      className=""
    >
      <a
        href="#"
        onClick={[Function]}
      >
        <span
          className="icon is-small"
        >
          <svg
            aria-hidden="true"
            className="svg-inline--fa fa-heart fa-w-16 "
            data-icon="heart"
            data-prefix="fas"
            role="img"
            style={Object {}}
            viewBox="0 0 512 512"
            xmlns="http://www.w3.org/2000/svg"
          >
            <path
              d="M462.3 62.6C407.5 15.9 326 24.3 275.7 76.2L256 96.5l-19.7-20.3C186.1 24.3 104.5 15.9 49.7 62.6c-62.8 53.6-66.1 149.8-9.9 207.9l193.5 199.8c12.5 12.9 32.8 12.9 45.3 0l193.5-199.8c56.3-58.1 53-154.3-9.8-207.9z"
              fill="currentColor"
              style={Object {}}
            />
          </svg>
        </span>
        Favorites
      </a>
    </li>
    <li
      className=""
    >
      <a
        href="#"
        onClick={[Function]}
      >
        <span
          className="icon is-small"
        >
          <svg
            aria-hidden="true"
            className="svg-inline--fa fa-tags fa-w-20 "
            data-icon="tags"
            data-prefix="fas"
            role="img"
            style={Object {}}
            viewBox="0 0 640 512"
            xmlns="http://www.w3.org/2000/svg"
          >
            <path
              d="M497.941 225.941L286.059 14.059A48 48 0 0 0 252.118 0H48C21.49 0 0 21.49 0 48v204.118a48 48 0 0 0 14.059 33.941l211.882 211.882c18.744 18.745 49.136 18.746 67.882 0l204.118-204.118c18.745-18.745 18.745-49.137 0-67.882zM112 160c-26.51 0-48-21.49-48-48s21.49-48 48-48 48 21.49 48 48-21.49 48-48 48zm513.941 133.823L421.823 497.941c-18.745 18.745-49.137 18.745-67.882 0l-.36-.36L527.64 323.522c16.999-16.999 26.36-39.6 26.36-63.64s-9.362-46.641-26.36-63.64L331.397 0h48.721a48 48 0 0 1 33.941 14.059l211.882 211.882c18.745 18.745 18.745 49.137 0 67.882z"
              fill="currentColor"
              style={Object {}}
            />
          </svg>
        </span>
        Tags
      </a>
    </li>
    <li
      className=""
    >
      <a
        href="#"
        onClick={[Function]}
      >
        <span
          className="icon is-small"
        >
          <svg
            aria-hidden="true"
            className="svg-inline--fa fa-search fa-w-16 "
            data-icon="search"
            data-prefix="fas"
            role="img"
            style={Object {}}
            viewBox="0 0 512 512"
            xmlns="http://www.w3.org/2000/svg"
          >
            <path
              d="M505 442.7L405.3 343c-4.5-4.5-10.6-7-17-7H372c27.6-35.3 44-79.7 44-128C416 93.1 322.9 0 208 0S0 93.1 0 208s93.1 208 208 208c48.3 0 92.7-16.4 128-44v16.3c0 6.4 2.5 12.5 7 17l99.7 99.7c9.4 9.4 24.6 9.4 33.9 0l28.3-28.3c9.4-9.4 9.4-24.6.1-34zM208 336c-70.7 0-128-57.2-128-128 0-70.7 57.2-128 128-128 70.7 0 128 57.2 128 128 0 70.7-57.2 128-128 128z"
              fill="currentColor"
              style={Object {}}
            />
          </svg>
        </span>
        Search
      </a>
    </li>
  </ul>
</div>
`;

exports[`RecipesTabs should render with the 'recipe_box' tab active when the 'recipe_box' page is active 1`] = `
<div
  className="tabs is-centered"
  style={
    Object {
      "marginBottom": "0px",
    }
  }
>
  <ul>
    <li
      className="is-active"
    >
      <a
        href="#"
        onClick={[Function]}
      >
        <span
          className="icon is-small"
        >
          <svg
            aria-hidden="true"
            className="svg-inline--fa fa-archive fa-w-16 "
            data-icon="archive"
            data-prefix="fas"
            role="img"
            style={Object {}}
            viewBox="0 0 512 512"
            xmlns="http://www.w3.org/2000/svg"
          >
            <path
              d="M32 448c0 17.7 14.3 32 32 32h384c17.7 0 32-14.3 32-32V160H32v288zm160-212c0-6.6 5.4-12 12-12h104c6.6 0 12 5.4 12 12v8c0 6.6-5.4 12-12 12H204c-6.6 0-12-5.4-12-12v-8zM480 32H32C14.3 32 0 46.3 0 64v48c0 8.8 7.2 16 16 16h480c8.8 0 16-7.2 16-16V64c0-17.7-14.3-32-32-32z"
              fill="currentColor"
              style={Object {}}
            />
          </svg>
        </span>
        Recipe Box
      </a>
    </li>
    <li
      className=""
    >
      <a
        href="#"
        onClick={[Function]}
      >
        <span
          className="icon is-small"
        >
          <svg
            aria-hidden="true"
            className="svg-inline--fa fa-book fa-w-14 "
            data-icon="book"
            data-prefix="fas"
            role="img"
            style={Object {}}
            viewBox="0 0 448 512"
            xmlns="http://www.w3.org/2000/svg"
          >
            <path
              d="M448 360V24c0-13.3-10.7-24-24-24H96C43 0 0 43 0 96v320c0 53 43 96 96 96h328c13.3 0 24-10.7 24-24v-16c0-7.5-3.5-14.3-8.9-18.7-4.2-15.4-4.2-59.3 0-74.7 5.4-4.3 8.9-11.1 8.9-18.6zM128 134c0-3.3 2.7-6 6-6h212c3.3 0 6 2.7 6 6v20c0 3.3-2.7 6-6 6H134c-3.3 0-6-2.7-6-6v-20zm0 64c0-3.3 2.7-6 6-6h212c3.3 0 6 2.7 6 6v20c0 3.3-2.7 6-6 6H134c-3.3 0-6-2.7-6-6v-20zm253.4 250H96c-17.7 0-32-14.3-32-32 0-17.6 14.4-32 32-32h285.4c-1.9 17.1-1.9 46.9 0 64z"
              fill="currentColor"
              style={Object {}}
            />
          </svg>
        </span>
        Library
      </a>
    </li>
    <li
      className=""
    >
      <a
        href="#"
        onClick={[Function]}
      >
        <span
          className="icon is-small"
        >
          <svg
            aria-hidden="true"
            className="svg-inline--fa fa-heart fa-w-16 "
            data-icon="heart"
            data-prefix="fas"
            role="img"
            style={Object {}}
            viewBox="0 0 512 512"
            xmlns="http://www.w3.org/2000/svg"
          >
            <path
              d="M462.3 62.6C407.5 15.9 326 24.3 275.7 76.2L256 96.5l-19.7-20.3C186.1 24.3 104.5 15.9 49.7 62.6c-62.8 53.6-66.1 149.8-9.9 207.9l193.5 199.8c12.5 12.9 32.8 12.9 45.3 0l193.5-199.8c56.3-58.1 53-154.3-9.8-207.9z"
              fill="currentColor"
              style={Object {}}
            />
          </svg>
        </span>
        Favorites
      </a>
    </li>
    <li
      className=""
    >
      <a
        href="#"
        onClick={[Function]}
      >
        <span
          className="icon is-small"
        >
          <svg
            aria-hidden="true"
            className="svg-inline--fa fa-tags fa-w-20 "
            data-icon="tags"
            data-prefix="fas"
            role="img"
            style={Object {}}
            viewBox="0 0 640 512"
            xmlns="http://www.w3.org/2000/svg"
          >
            <path
              d="M497.941 225.941L286.059 14.059A48 48 0 0 0 252.118 0H48C21.49 0 0 21.49 0 48v204.118a48 48 0 0 0 14.059 33.941l211.882 211.882c18.744 18.745 49.136 18.746 67.882 0l204.118-204.118c18.745-18.745 18.745-49.137 0-67.882zM112 160c-26.51 0-48-21.49-48-48s21.49-48 48-48 48 21.49 48 48-21.49 48-48 48zm513.941 133.823L421.823 497.941c-18.745 18.745-49.137 18.745-67.882 0l-.36-.36L527.64 323.522c16.999-16.999 26.36-39.6 26.36-63.64s-9.362-46.641-26.36-63.64L331.397 0h48.721a48 48 0 0 1 33.941 14.059l211.882 211.882c18.745 18.745 18.745 49.137 0 67.882z"
              fill="currentColor"
              style={Object {}}
            />
          </svg>
        </span>
        Tags
      </a>
    </li>
    <li
      className=""
    >
      <a
        href="#"
        onClick={[Function]}
      >
        <span
          className="icon is-small"
        >
          <svg
            aria-hidden="true"
            className="svg-inline--fa fa-search fa-w-16 "
            data-icon="search"
            data-prefix="fas"
            role="img"
            style={Object {}}
            viewBox="0 0 512 512"
            xmlns="http://www.w3.org/2000/svg"
          >
            <path
              d="M505 442.7L405.3 343c-4.5-4.5-10.6-7-17-7H372c27.6-35.3 44-79.7 44-128C416 93.1 322.9 0 208 0S0 93.1 0 208s93.1 208 208 208c48.3 0 92.7-16.4 128-44v16.3c0 6.4 2.5 12.5 7 17l99.7 99.7c9.4 9.4 24.6 9.4 33.9 0l28.3-28.3c9.4-9.4 9.4-24.6.1-34zM208 336c-70.7 0-128-57.2-128-128 0-70.7 57.2-128 128-128 70.7 0 128 57.2 128 128 0 70.7-57.2 128-128 128z"
              fill="currentColor"
              style={Object {}}
            />
          </svg>
        </span>
        Search
      </a>
    </li>
  </ul>
</div>
`;

exports[`RecipesTabs should render with the 'search' tab active when the 'search' page is active 1`] = `
<div
  className="tabs is-centered"
  style={
    Object {
      "marginBottom": "0px",
    }
  }
>
  <ul>
    <li
      className=""
    >
      <a
        href="#"
        onClick={[Function]}
      >
        <span
          className="icon is-small"
        >
          <svg
            aria-hidden="true"
            className="svg-inline--fa fa-archive fa-w-16 "
            data-icon="archive"
            data-prefix="fas"
            role="img"
            style={Object {}}
            viewBox="0 0 512 512"
            xmlns="http://www.w3.org/2000/svg"
          >
            <path
              d="M32 448c0 17.7 14.3 32 32 32h384c17.7 0 32-14.3 32-32V160H32v288zm160-212c0-6.6 5.4-12 12-12h104c6.6 0 12 5.4 12 12v8c0 6.6-5.4 12-12 12H204c-6.6 0-12-5.4-12-12v-8zM480 32H32C14.3 32 0 46.3 0 64v48c0 8.8 7.2 16 16 16h480c8.8 0 16-7.2 16-16V64c0-17.7-14.3-32-32-32z"
              fill="currentColor"
              style={Object {}}
            />
          </svg>
        </span>
        Recipe Box
      </a>
    </li>
    <li
      className=""
    >
      <a
        href="#"
        onClick={[Function]}
      >
        <span
          className="icon is-small"
        >
          <svg
            aria-hidden="true"
            className="svg-inline--fa fa-book fa-w-14 "
            data-icon="book"
            data-prefix="fas"
            role="img"
            style={Object {}}
            viewBox="0 0 448 512"
            xmlns="http://www.w3.org/2000/svg"
          >
            <path
              d="M448 360V24c0-13.3-10.7-24-24-24H96C43 0 0 43 0 96v320c0 53 43 96 96 96h328c13.3 0 24-10.7 24-24v-16c0-7.5-3.5-14.3-8.9-18.7-4.2-15.4-4.2-59.3 0-74.7 5.4-4.3 8.9-11.1 8.9-18.6zM128 134c0-3.3 2.7-6 6-6h212c3.3 0 6 2.7 6 6v20c0 3.3-2.7 6-6 6H134c-3.3 0-6-2.7-6-6v-20zm0 64c0-3.3 2.7-6 6-6h212c3.3 0 6 2.7 6 6v20c0 3.3-2.7 6-6 6H134c-3.3 0-6-2.7-6-6v-20zm253.4 250H96c-17.7 0-32-14.3-32-32 0-17.6 14.4-32 32-32h285.4c-1.9 17.1-1.9 46.9 0 64z"
              fill="currentColor"
              style={Object {}}
            />
          </svg>
        </span>
        Library
      </a>
    </li>
    <li
      className=""
    >
      <a
        href="#"
        onClick={[Function]}
      >
        <span
          className="icon is-small"
        >
          <svg
            aria-hidden="true"
            className="svg-inline--fa fa-heart fa-w-16 "
            data-icon="heart"
            data-prefix="fas"
            role="img"
            style={Object {}}
            viewBox="0 0 512 512"
            xmlns="http://www.w3.org/2000/svg"
          >
            <path
              d="M462.3 62.6C407.5 15.9 326 24.3 275.7 76.2L256 96.5l-19.7-20.3C186.1 24.3 104.5 15.9 49.7 62.6c-62.8 53.6-66.1 149.8-9.9 207.9l193.5 199.8c12.5 12.9 32.8 12.9 45.3 0l193.5-199.8c56.3-58.1 53-154.3-9.8-207.9z"
              fill="currentColor"
              style={Object {}}
            />
          </svg>
        </span>
        Favorites
      </a>
    </li>
    <li
      className=""
    >
      <a
        href="#"
        onClick={[Function]}
      >
        <span
          className="icon is-small"
        >
          <svg
            aria-hidden="true"
            className="svg-inline--fa fa-tags fa-w-20 "
            data-icon="tags"
            data-prefix="fas"
            role="img"
            style={Object {}}
            viewBox="0 0 640 512"
            xmlns="http://www.w3.org/2000/svg"
          >
            <path
              d="M497.941 225.941L286.059 14.059A48 48 0 0 0 252.118 0H48C21.49 0 0 21.49 0 48v204.118a48 48 0 0 0 14.059 33.941l211.882 211.882c18.744 18.745 49.136 18.746 67.882 0l204.118-204.118c18.745-18.745 18.745-49.137 0-67.882zM112 160c-26.51 0-48-21.49-48-48s21.49-48 48-48 48 21.49 48 48-21.49 48-48 48zm513.941 133.823L421.823 497.941c-18.745 18.745-49.137 18.745-67.882 0l-.36-.36L527.64 323.522c16.999-16.999 26.36-39.6 26.36-63.64s-9.362-46.641-26.36-63.64L331.397 0h48.721a48 48 0 0 1 33.941 14.059l211.882 211.882c18.745 18.745 18.745 49.137 0 67.882z"
              fill="currentColor"
              style={Object {}}
            />
          </svg>
        </span>
        Tags
      </a>
    </li>
    <li
      className="is-active"
    >
      <a
        href="#"
        onClick={[Function]}
      >
        <span
          className="icon is-small"
        >
          <svg
            aria-hidden="true"
            className="svg-inline--fa fa-search fa-w-16 "
            data-icon="search"
            data-prefix="fas"
            role="img"
            style={Object {}}
            viewBox="0 0 512 512"
            xmlns="http://www.w3.org/2000/svg"
          >
            <path
              d="M505 442.7L405.3 343c-4.5-4.5-10.6-7-17-7H372c27.6-35.3 44-79.7 44-128C416 93.1 322.9 0 208 0S0 93.1 0 208s93.1 208 208 208c48.3 0 92.7-16.4 128-44v16.3c0 6.4 2.5 12.5 7 17l99.7 99.7c9.4 9.4 24.6 9.4 33.9 0l28.3-28.3c9.4-9.4 9.4-24.6.1-34zM208 336c-70.7 0-128-57.2-128-128 0-70.7 57.2-128 128-128 70.7 0 128 57.2 128 128 0 70.7-57.2 128-128 128z"
              fill="currentColor"
              style={Object {}}
            />
          </svg>
        </span>
        Search
      </a>
    </li>
  </ul>
</div>
`;

exports[`RecipesTabs should render with the 'tags' tab active when the 'tags' page is active 1`] = `
<div
  className="tabs is-centered"
  style={
    Object {
      "marginBottom": "0px",
    }
  }
>
  <ul>
    <li
      className=""
    >
      <a
        href="#"
        onClick={[Function]}
      >
        <span
          className="icon is-small"
        >
          <svg
            aria-hidden="true"
            className="svg-inline--fa fa-archive fa-w-16 "
            data-icon="archive"
            data-prefix="fas"
            role="img"
            style={Object {}}
            viewBox="0 0 512 512"
            xmlns="http://www.w3.org/2000/svg"
          >
            <path
              d="M32 448c0 17.7 14.3 32 32 32h384c17.7 0 32-14.3 32-32V160H32v288zm160-212c0-6.6 5.4-12 12-12h104c6.6 0 12 5.4 12 12v8c0 6.6-5.4 12-12 12H204c-6.6 0-12-5.4-12-12v-8zM480 32H32C14.3 32 0 46.3 0 64v48c0 8.8 7.2 16 16 16h480c8.8 0 16-7.2 16-16V64c0-17.7-14.3-32-32-32z"
              fill="currentColor"
              style={Object {}}
            />
          </svg>
        </span>
        Recipe Box
      </a>
    </li>
    <li
      className=""
    >
      <a
        href="#"
        onClick={[Function]}
      >
        <span
          className="icon is-small"
        >
          <svg
            aria-hidden="true"
            className="svg-inline--fa fa-book fa-w-14 "
            data-icon="book"
            data-prefix="fas"
            role="img"
            style={Object {}}
            viewBox="0 0 448 512"
            xmlns="http://www.w3.org/2000/svg"
          >
            <path
              d="M448 360V24c0-13.3-10.7-24-24-24H96C43 0 0 43 0 96v320c0 53 43 96 96 96h328c13.3 0 24-10.7 24-24v-16c0-7.5-3.5-14.3-8.9-18.7-4.2-15.4-4.2-59.3 0-74.7 5.4-4.3 8.9-11.1 8.9-18.6zM128 134c0-3.3 2.7-6 6-6h212c3.3 0 6 2.7 6 6v20c0 3.3-2.7 6-6 6H134c-3.3 0-6-2.7-6-6v-20zm0 64c0-3.3 2.7-6 6-6h212c3.3 0 6 2.7 6 6v20c0 3.3-2.7 6-6 6H134c-3.3 0-6-2.7-6-6v-20zm253.4 250H96c-17.7 0-32-14.3-32-32 0-17.6 14.4-32 32-32h285.4c-1.9 17.1-1.9 46.9 0 64z"
              fill="currentColor"
              style={Object {}}
            />
          </svg>
        </span>
        Library
      </a>
    </li>
    <li
      className=""
    >
      <a
        href="#"
        onClick={[Function]}
      >
        <span
          className="icon is-small"
        >
          <svg
            aria-hidden="true"
            className="svg-inline--fa fa-heart fa-w-16 "
            data-icon="heart"
            data-prefix="fas"
            role="img"
            style={Object {}}
            viewBox="0 0 512 512"
            xmlns="http://www.w3.org/2000/svg"
          >
            <path
              d="M462.3 62.6C407.5 15.9 326 24.3 275.7 76.2L256 96.5l-19.7-20.3C186.1 24.3 104.5 15.9 49.7 62.6c-62.8 53.6-66.1 149.8-9.9 207.9l193.5 199.8c12.5 12.9 32.8 12.9 45.3 0l193.5-199.8c56.3-58.1 53-154.3-9.8-207.9z"
              fill="currentColor"
              style={Object {}}
            />
          </svg>
        </span>
        Favorites
      </a>
    </li>
    <li
      className="is-active"
    >
      <a
        href="#"
        onClick={[Function]}
      >
        <span
          className="icon is-small"
        >
          <svg
            aria-hidden="true"
            className="svg-inline--fa fa-tags fa-w-20 "
            data-icon="tags"
            data-prefix="fas"
            role="img"
            style={Object {}}
            viewBox="0 0 640 512"
            xmlns="http://www.w3.org/2000/svg"
          >
            <path
              d="M497.941 225.941L286.059 14.059A48 48 0 0 0 252.118 0H48C21.49 0 0 21.49 0 48v204.118a48 48 0 0 0 14.059 33.941l211.882 211.882c18.744 18.745 49.136 18.746 67.882 0l204.118-204.118c18.745-18.745 18.745-49.137 0-67.882zM112 160c-26.51 0-48-21.49-48-48s21.49-48 48-48 48 21.49 48 48-21.49 48-48 48zm513.941 133.823L421.823 497.941c-18.745 18.745-49.137 18.745-67.882 0l-.36-.36L527.64 323.522c16.999-16.999 26.36-39.6 26.36-63.64s-9.362-46.641-26.36-63.64L331.397 0h48.721a48 48 0 0 1 33.941 14.059l211.882 211.882c18.745 18.745 18.745 49.137 0 67.882z"
              fill="currentColor"
              style={Object {}}
            />
          </svg>
        </span>
        Tags
      </a>
    </li>
    <li
      className=""
    >
      <a
        href="#"
        onClick={[Function]}
      >
        <span
          className="icon is-small"
        >
          <svg
            aria-hidden="true"
            className="svg-inline--fa fa-search fa-w-16 "
            data-icon="search"
            data-prefix="fas"
            role="img"
            style={Object {}}
            viewBox="0 0 512 512"
            xmlns="http://www.w3.org/2000/svg"
          >
            <path
              d="M505 442.7L405.3 343c-4.5-4.5-10.6-7-17-7H372c27.6-35.3 44-79.7 44-128C416 93.1 322.9 0 208 0S0 93.1 0 208s93.1 208 208 208c48.3 0 92.7-16.4 128-44v16.3c0 6.4 2.5 12.5 7 17l99.7 99.7c9.4 9.4 24.6 9.4 33.9 0l28.3-28.3c9.4-9.4 9.4-24.6.1-34zM208 336c-70.7 0-128-57.2-128-128 0-70.7 57.2-128 128-128 70.7 0 128 57.2 128 128 0 70.7-57.2 128-128 128z"
              fill="currentColor"
              style={Object {}}
            />
          </svg>
        </span>
        Search
      </a>
    </li>
  </ul>
</div>
`;
