// Jest Snapshot v1, https://goo.gl/fbAQLP

exports[`RecipeBoxPage renders the master/detail view 1`] = `
<div
  style={
    Object {
      "display": "grid",
      "gridTemplateColumns": "1fr 4fr",
      "height": "100%",
    }
  }
>
  <div
    style={
      Object {
        "gridColumn": 1,
        "overflowY": "auto",
      }
    }
  >
    <div>
      Recipe 
      0
    </div>
    <div>
      Recipe 
      1
    </div>
    <div>
      Recipe 
      2
    </div>
    <div>
      Recipe 
      3
    </div>
    <div>
      Recipe 
      4
    </div>
    <div>
      Recipe 
      5
    </div>
    <div>
      Recipe 
      6
    </div>
    <div>
      Recipe 
      7
    </div>
    <div>
      Recipe 
      8
    </div>
    <div>
      Recipe 
      9
    </div>
    <div>
      Recipe 
      10
    </div>
    <div>
      Recipe 
      11
    </div>
    <div>
      Recipe 
      12
    </div>
    <div>
      Recipe 
      13
    </div>
    <div>
      Recipe 
      14
    </div>
    <div>
      Recipe 
      15
    </div>
    <div>
      Recipe 
      16
    </div>
    <div>
      Recipe 
      17
    </div>
    <div>
      Recipe 
      18
    </div>
    <div>
      Recipe 
      19
    </div>
    <div>
      Recipe 
      20
    </div>
    <div>
      Recipe 
      21
    </div>
    <div>
      Recipe 
      22
    </div>
    <div>
      Recipe 
      23
    </div>
    <div>
      Recipe 
      24
    </div>
    <div>
      Recipe 
      25
    </div>
    <div>
      Recipe 
      26
    </div>
    <div>
      Recipe 
      27
    </div>
    <div>
      Recipe 
      28
    </div>
    <div>
      Recipe 
      29
    </div>
    <div>
      Recipe 
      30
    </div>
    <div>
      Recipe 
      31
    </div>
    <div>
      Recipe 
      32
    </div>
    <div>
      Recipe 
      33
    </div>
    <div>
      Recipe 
      34
    </div>
    <div>
      Recipe 
      35
    </div>
    <div>
      Recipe 
      36
    </div>
    <div>
      Recipe 
      37
    </div>
    <div>
      Recipe 
      38
    </div>
    <div>
      Recipe 
      39
    </div>
    <div>
      Recipe 
      40
    </div>
    <div>
      Recipe 
      41
    </div>
    <div>
      Recipe 
      42
    </div>
    <div>
      Recipe 
      43
    </div>
    <div>
      Recipe 
      44
    </div>
    <div>
      Recipe 
      45
    </div>
    <div>
      Recipe 
      46
    </div>
    <div>
      Recipe 
      47
    </div>
    <div>
      Recipe 
      48
    </div>
    <div>
      Recipe 
      49
    </div>
    <div>
      Recipe 
      50
    </div>
    <div>
      Recipe 
      51
    </div>
    <div>
      Recipe 
      52
    </div>
    <div>
      Recipe 
      53
    </div>
    <div>
      Recipe 
      54
    </div>
    <div>
      Recipe 
      55
    </div>
    <div>
      Recipe 
      56
    </div>
    <div>
      Recipe 
      57
    </div>
    <div>
      Recipe 
      58
    </div>
    <div>
      Recipe 
      59
    </div>
    <div>
      Recipe 
      60
    </div>
    <div>
      Recipe 
      61
    </div>
    <div>
      Recipe 
      62
    </div>
    <div>
      Recipe 
      63
    </div>
    <div>
      Recipe 
      64
    </div>
    <div>
      Recipe 
      65
    </div>
    <div>
      Recipe 
      66
    </div>
    <div>
      Recipe 
      67
    </div>
    <div>
      Recipe 
      68
    </div>
    <div>
      Recipe 
      69
    </div>
    <div>
      Recipe 
      70
    </div>
    <div>
      Recipe 
      71
    </div>
    <div>
      Recipe 
      72
    </div>
    <div>
      Recipe 
      73
    </div>
    <div>
      Recipe 
      74
    </div>
    <div>
      Recipe 
      75
    </div>
    <div>
      Recipe 
      76
    </div>
    <div>
      Recipe 
      77
    </div>
    <div>
      Recipe 
      78
    </div>
    <div>
      Recipe 
      79
    </div>
    <div>
      Recipe 
      80
    </div>
    <div>
      Recipe 
      81
    </div>
    <div>
      Recipe 
      82
    </div>
    <div>
      Recipe 
      83
    </div>
    <div>
      Recipe 
      84
    </div>
    <div>
      Recipe 
      85
    </div>
    <div>
      Recipe 
      86
    </div>
    <div>
      Recipe 
      87
    </div>
    <div>
      Recipe 
      88
    </div>
    <div>
      Recipe 
      89
    </div>
    <div>
      Recipe 
      90
    </div>
    <div>
      Recipe 
      91
    </div>
    <div>
      Recipe 
      92
    </div>
    <div>
      Recipe 
      93
    </div>
    <div>
      Recipe 
      94
    </div>
    <div>
      Recipe 
      95
    </div>
    <div>
      Recipe 
      96
    </div>
    <div>
      Recipe 
      97
    </div>
    <div>
      Recipe 
      98
    </div>
    <div>
      Recipe 
      99
    </div>
  </div>
  <div
    style={
      Object {
        "gridColumn": 2,
        "overflowY": "auto",
      }
    }
  >
    <div
      className="section"
    >
      Paragraph 
      0
    </div>
    <div
      className="section"
    >
      Paragraph 
      1
    </div>
    <div
      className="section"
    >
      Paragraph 
      2
    </div>
    <div
      className="section"
    >
      Paragraph 
      3
    </div>
    <div
      className="section"
    >
      Paragraph 
      4
    </div>
    <div
      className="section"
    >
      Paragraph 
      5
    </div>
    <div
      className="section"
    >
      Paragraph 
      6
    </div>
    <div
      className="section"
    >
      Paragraph 
      7
    </div>
    <div
      className="section"
    >
      Paragraph 
      8
    </div>
    <div
      className="section"
    >
      Paragraph 
      9
    </div>
  </div>
</div>
`;
